// Jest Snapshot v1, https://goo.gl/fbAQLP

exports[`Product description rendering Should mount correctly 1`] = `ReactWrapper {}`;
